// Jest Snapshot v1, https://goo.gl/fbAQLP

exports[`renders 1`] = `
<body>
  <div>
    <div
      class="App"
    >
      <header
        class="App-header"
      >
        <img
          alt="logo"
          class="App-logo"
          src="logo.svg"
        />
        <p>
          Hello Test!
        </p>
        <a
          class="App-link"
          href="https://reactjs.org"
          rel="noopener noreferrer"
          target="_blank"
        >
          Learn React
        </a>
      </header>
    </div>
  </div>
</body>
`;
